<html>
<body>
<pre>
<h1>礦ision Build Log</h1>
<h2>Tool Versions:</h2>
IDE-Version: μVision V5.38.0.0
Copyright (C) 2022 ARM Ltd and ARM Germany GmbH. All rights reserved.
License Information: 1 开发部-张良博, 1, LIC=ZB4EI-T8SDK-56QQ2-9U2P5-1IVFF-YD5I8
 
Tool Versions:
Toolchain:       MDK-ARM Plus  Version: 5.38.0.0
Toolchain Path:  C:\emb\keilmdk\core\ARM\ARMCLANG\Bin
C Compiler:      ArmClang.exe V6.19
Assembler:       Armasm.exe V6.19
Linker/Locator:  ArmLink.exe V6.19
Library Manager: ArmAr.exe V6.19
Hex Converter:   FromElf.exe V6.19
CPU DLL:         SARMCM3.DLL V5.38.0.0
Dialog DLL:      DCM.DLL V1.17.5.0
Target DLL:      Segger\JL2CM3.dll V2.99.42.0
Dialog DLL:      TCM.DLL V1.56.4.0
 
<h2>Project:</h2>
C:\C\H743\04_Software\01_Source_Code\MDK-ARM\cubemx.uvprojx
Project File Date:  05/07/2026

<h2>Output:</h2>
*** Using Compiler 'V6.19', folder: 'C:\emb\keilmdk\core\ARM\ARMCLANG\Bin'
Build target 'cubemx'
compiling custom.c...
compiling gui_test_app.c...
compiling setup_scr_screen_1.c...
compiling widgets_init.c...
compiling gui_guider.c...
compiling setup_scr_screen_home.c...
compiling lv_font_montserratMedium_18.c...
compiling lv_port_flash_fs.c...
compiling freertos.c...
compiling events_init.c...
linking...
Program Size: Code=198850 RO-data=34866 RW-data=176 ZI-data=145600  
FromELF: creating hex file...
"cubemx\cubemx.axf" - 0 Error(s), 0 Warning(s).

<h2>Software Packages used:</h2>

Package Vendor: ARM
                http://www.keil.com/pack/ARM.CMSIS.5.9.0.pack
                ARM.CMSIS.5.9.0
                CMSIS (Common Microcontroller Software Interface Standard)
   * Component: CORE Version: 5.6.0

Package Vendor: Keil
                https://www.keil.com/pack/Keil.STM32H7xx_DFP.4.1.3.pack
                Keil.STM32H7xx_DFP.4.1.3
                STMicroelectronics STM32H7 Series Device Support

<h2>Collection of Component include folders:</h2>
  ./RTE/_cubemx
  C:/emb/keilmdk/pack/ARM/CMSIS/5.9.0/CMSIS/Core/Include

<h2>Collection of Component Files used:</h2>

   * Component: ARM::CMSIS:CORE:5.6.0
      Include file:  CMSIS/Core/Include/tz_context.h
Build Time Elapsed:  00:00:12
</pre>
</body>
</html>
