<html>
<body>
<pre>
<h1>礦ision Build Log</h1>
<h2>Tool Versions:</h2>
IDE-Version: μVision V5.38.0.0
Copyright (C) 2022 ARM Ltd and ARM Germany GmbH. All rights reserved.
License Information: 1 开发部-张良博, 1, LIC=ZB4EI-T8SDK-56QQ2-9U2P5-1IVFF-YD5I8
 
Tool Versions:
Toolchain:       MDK-ARM Plus  Version: 5.38.0.0
Toolchain Path:  C:\emb\keilmdk\core\ARM\ARMCLANG\Bin
C Compiler:      ArmClang.exe V6.19
Assembler:       Armasm.exe V6.19
Linker/Locator:  ArmLink.exe V6.19
Library Manager: ArmAr.exe V6.19
Hex Converter:   FromElf.exe V6.19
CPU DLL:         SARMCM3.DLL V5.38.0.0
Dialog DLL:      DCM.DLL V1.17.5.0
Target DLL:      Segger\JL2CM3.dll V2.99.42.0
Dialog DLL:      TCM.DLL V1.56.4.0
 
<h2>Project:</h2>
C:\C\STM32\MDK-ARM\cubemx.uvprojx
Project File Date:  05/04/2026

<h2>Output:</h2>
*** Using Compiler 'V6.19', folder: 'C:\emb\keilmdk\core\ARM\ARMCLANG\Bin'
Rebuild target 'cubemx'
assembling startup_stm32h743xx.s...
compiling main.c...
compiling gpio.c...
compiling fmc.c...
compiling freertos.c...
compiling dma2d.c...
compiling fatfs.c...
compiling i2c.c...
compiling quadspi.c...
compiling ltdc.c...
compiling user_diskio.c...
compiling rtc.c...
compiling usart.c...
compiling usb_device.c...
compiling usbd_conf.c...
compiling usbd_desc.c...
compiling stm32h7xx_hal_msp.c...
compiling stm32h7xx_it.c...
compiling stm32h7xx_hal_timebase_tim.c...
compiling usbd_storage_if.c...
compiling stm32h7xx_hal_pcd_ex.c...
compiling stm32h7xx_hal_tim_ex.c...
compiling stm32h7xx_hal_pcd.c...
compiling stm32h7xx_hal_rcc.c...
compiling stm32h7xx_hal_hsem.c...
compiling stm32h7xx_hal_gpio.c...
compiling stm32h7xx_hal_flash.c...
compiling stm32h7xx_hal_flash_ex.c...
compiling stm32h7xx_ll_usb.c...
compiling stm32h7xx_hal_rcc_ex.c...
compiling stm32h7xx_hal_dma_ex.c...
compiling stm32h7xx_hal_tim.c...
compiling stm32h7xx_hal_pwr.c...
compiling stm32h7xx_hal_dma.c...
compiling stm32h7xx_hal_mdma.c...
compiling stm32h7xx_hal_cortex.c...
compiling stm32h7xx_hal_pwr_ex.c...
compiling stm32h7xx_hal.c...
compiling stm32h7xx_hal_i2c_ex.c...
compiling stm32h7xx_hal_exti.c...
compiling stm32h7xx_hal_nor.c...
compiling stm32h7xx_ll_fmc.c...
compiling stm32h7xx_hal_sram.c...
compiling stm32h7xx_hal_dma2d.c...
compiling stm32h7xx_hal_ltdc_ex.c...
compiling stm32h7xx_hal_sdram.c...
compiling stm32h7xx_hal_nand.c...
compiling stm32h7xx_ll_delayblock.c...
compiling stm32h7xx_hal_ltdc.c...
compiling stm32h7xx_hal_rtc.c...
compiling stm32h7xx_hal_i2c.c...
compiling stm32h7xx_hal_uart_ex.c...
compiling stm32h7xx_hal_qspi.c...
compiling stm32h7xx_hal_rtc_ex.c...
compiling system_stm32h7xx.c...
compiling diskio.c...
compiling ff_gen_drv.c...
compiling w25q256.c...
compiling mpu_wrappers_v2.c...
compiling croutine.c...
compiling stm32h7xx_hal_uart.c...
compiling event_groups.c...
compiling syscall.c...
compiling ccsbcs.c...
compiling list.c...
compiling stream_buffer.c...
compiling queue.c...
compiling heap_4.c...
compiling timers.c...
compiling port.c...
compiling usbd_ioreq.c...
compiling usbd_core.c...
compiling tasks.c...
compiling usbd_ctlreq.c...
compiling usbd_msc_data.c...
compiling usbd_msc.c...
compiling cmsis_os2.c...
compiling usbd_msc_bot.c...
compiling flash_platform.c...
compiling initial.c...
compiling usbd_msc_scsi.c...
compiling ff.c...
linking...
Program Size: Code=55530 RO-data=942 RW-data=288 ZI-data=51176  
FromELF: creating hex file...
"cubemx\cubemx.axf" - 0 Error(s), 0 Warning(s).

<h2>Software Packages used:</h2>

Package Vendor: ARM
                http://www.keil.com/pack/ARM.CMSIS.5.9.0.pack
                ARM.CMSIS.5.9.0
                CMSIS (Common Microcontroller Software Interface Standard)
   * Component: CORE Version: 5.6.0

Package Vendor: Keil
                https://www.keil.com/pack/Keil.STM32H7xx_DFP.4.1.3.pack
                Keil.STM32H7xx_DFP.4.1.3
                STMicroelectronics STM32H7 Series Device Support

<h2>Collection of Component include folders:</h2>
  ./RTE/_cubemx
  C:/emb/keilmdk/pack/ARM/CMSIS/5.9.0/CMSIS/Core/Include

<h2>Collection of Component Files used:</h2>

   * Component: ARM::CMSIS:CORE:5.6.0
      Include file:  CMSIS/Core/Include/tz_context.h
Build Time Elapsed:  00:00:05
</pre>
</body>
</html>
